HTTPSConnectionPool(host='www.proxyscan.io', port=443): Max retries exceeded with url: /download?type=socks4 (Caused by SSLError(SSLError(1, '[SSL: TLSV1_ALERT_INTERNAL_ERROR] tlsv1 alert internal error (_ssl.c:1007)')))
HTTPSConnectionPool(host='www.proxyscan.io', port=443): Max retries exceeded with url: /download?type=socks5 (Caused by SSLError(SSLError(1, '[SSL: TLSV1_ALERT_INTERNAL_ERROR] tlsv1 alert internal error (_ssl.c:1007)')))
HTTPSConnectionPool(host='www.proxyscan.io', port=443): Max retries exceeded with url: /download?type=http (Caused by SSLError(SSLError(1, '[SSL: TLSV1_ALERT_INTERNAL_ERROR] tlsv1 alert internal error (_ssl.c:1007)')))
